---
source: src/compile.rs
description: "let v = 1 + 2 - (3 * 4 / 5 * 6) + 7;\nprintln(v);\n\nprintln( 22 %  7);\nprintln(-22 %  7);\nprintln(-22 % -7);\nprintln( 22 % -7);\nprintln( 1.23 %  1.0);\nprintln(-1.23 %  1.0);\nprintln(-1.23 % -1.0);\nprintln( 1.23 % -1.0);\nprintln( 22/7 %  1);\nprintln(-22/7 %  1);\nprintln(-22/7 % -1);\nprintln( 22/7 % -1);\n\nprintln(0 == 1);\nprintln(0 != 1);\nprintln(0 <  1);\nprintln(0 <= 1);\nprintln(0 >  1);\nprintln(0 >= 1);\n"
input_file: test_programs/math.blis
---
DisassembledChunk(
  constants: [
    Rational(((1, [
      1,
    ]), (1, [
      1,
    ]))),
    Rational(((1, [
      2,
    ]), (1, [
      1,
    ]))),
    Rational(((1, [
      3,
    ]), (1, [
      1,
    ]))),
    Rational(((1, [
      4,
    ]), (1, [
      1,
    ]))),
    Rational(((1, [
      5,
    ]), (1, [
      1,
    ]))),
    Rational(((1, [
      6,
    ]), (1, [
      1,
    ]))),
    Rational(((1, [
      7,
    ]), (1, [
      1,
    ]))),
    Rational(((1, [
      22,
    ]), (1, [
      1,
    ]))),
    Float(1.23),
    Float(1.0),
    Rational(((0, []), (1, [
      1,
    ]))),
  ],
  globals: [
    "v",
    "println",
  ],
  code: [
    Constant(0),
    Constant(1),
    Add,
    Constant(2),
    Constant(3),
    Mul,
    Constant(4),
    Div,
    Constant(5),
    Mul,
    Sub,
    Constant(6),
    Add,
    DefineGlobal(0),
    GetGlobal(1),
    GetGlobal(0),
    Call(1),
    Pop,
    GetGlobal(1),
    Constant(7),
    Constant(6),
    Rem,
    Call(1),
    Pop,
    GetGlobal(1),
    Constant(7),
    Neg,
    Constant(6),
    Rem,
    Call(1),
    Pop,
    GetGlobal(1),
    Constant(7),
    Neg,
    Constant(6),
    Neg,
    Rem,
    Call(1),
    Pop,
    GetGlobal(1),
    Constant(7),
    Constant(6),
    Neg,
    Rem,
    Call(1),
    Pop,
    GetGlobal(1),
    Constant(8),
    Constant(9),
    Rem,
    Call(1),
    Pop,
    GetGlobal(1),
    Constant(8),
    Neg,
    Constant(9),
    Rem,
    Call(1),
    Pop,
    GetGlobal(1),
    Constant(8),
    Neg,
    Constant(9),
    Neg,
    Rem,
    Call(1),
    Pop,
    GetGlobal(1),
    Constant(8),
    Constant(9),
    Neg,
    Rem,
    Call(1),
    Pop,
    GetGlobal(1),
    Constant(7),
    Constant(6),
    Div,
    Constant(0),
    Rem,
    Call(1),
    Pop,
    GetGlobal(1),
    Constant(7),
    Neg,
    Constant(6),
    Div,
    Constant(0),
    Rem,
    Call(1),
    Pop,
    GetGlobal(1),
    Constant(7),
    Neg,
    Constant(6),
    Div,
    Constant(0),
    Neg,
    Rem,
    Call(1),
    Pop,
    GetGlobal(1),
    Constant(7),
    Constant(6),
    Div,
    Constant(0),
    Neg,
    Rem,
    Call(1),
    Pop,
    GetGlobal(1),
    Constant(10),
    Constant(0),
    Eq,
    Call(1),
    Pop,
    GetGlobal(1),
    Constant(10),
    Constant(0),
    Ne,
    Call(1),
    Pop,
    GetGlobal(1),
    Constant(10),
    Constant(0),
    Lt,
    Call(1),
    Pop,
    GetGlobal(1),
    Constant(10),
    Constant(0),
    Le,
    Call(1),
    Pop,
    GetGlobal(1),
    Constant(10),
    Constant(0),
    Gt,
    Call(1),
    Pop,
    GetGlobal(1),
    Constant(10),
    Constant(0),
    Ge,
    Call(1),
    Pop,
    Nil,
    Return,
  ],
)
