---
source: src/lib.rs
description: "println(1 + 2.0);\n"
input_file: test_programs/err_runtime/bad_math_2.blis
---
type error: cannot perform arithmetic with `Rational(Ratio { numer: 1, denom: 1 })` and `Float(2.0)`
